// Jest Snapshot v1, https://goo.gl/fbAQLP

exports[`EditorHeader component renders as expected 1`] = `
<DocumentFragment>
  <div
    class="creation-view-yaml-header"
  >
    <div
      class="creation-view-yaml-header-toolbar"
      role="region"
    />
    <div
      class="creation-view-yaml-header-tabs"
    >
      <nav
        aria-label="Select template"
        class="tf--tabs"
        role="navigation"
      >
        <ul
          class="tf--tabs__nav"
          role="tablist"
        >
          <li
            class="tf--tabs__nav-item tf--tabs__nav-item--selected"
            id="main"
            role="presentation"
            tabindex="-1"
          >
            <a
              aria-selected="true"
              class="tf--tabs__nav-link"
              href="#"
              role="tab"
              tabindex="0"
            >
              application
            </a>
          </li>
        </ul>
      </nav>
      <div
        class="creation-view-yaml-header-secrets"
      >
        <div
          class="pf-c-check pf-m-standalone"
        >
          <input
            aria-invalid="false"
            aria-label="show-secrets"
            class="pf-c-check__input"
            id="show-secrets"
            type="checkbox"
          />
        </div>
        <div />
      </div>
    </div>
  </div>
</DocumentFragment>
`;
