// Jest Snapshot v1, https://goo.gl/fbAQLP

exports[`ControlPanel component renders as expected 1`] = `
<div
  className="creation-view-controls-container"
>
  <div
    className="creation-view-controls pf-c-form showEditor"
    onScroll={[Function]}
  >
    <div
      id="notifications"
    />
    <div
      className="content"
    >
      <div
        className="creation-view-controls-title"
        id="main-"
        onClick={[Function]}
        onKeyPress={[Function]}
        role="button"
        tabIndex="0"
      >
        <div
          className="creation-view-controls-note"
        />
        <div
          className="creation-view-controls-title-normal-container"
        />
      </div>
      <div
        className="creation-view-controls-section"
      >
        <div
          className="creation-view-controls-skeleton"
        >
          <label
            className="creation-view-controls-textbox-title"
            htmlFor="eman"
          >
            creation.app.name
          </label>
          <div
            className="pf-c-skeleton"
            id="eman"
          >
            <span
              className="pf-u-screen-reader"
            />
          </div>
        </div>
        <div
          className="creation-view-controls-skeleton"
        >
          <label
            className="creation-view-controls-textbox-title"
            htmlFor="emanspace"
          >
            creation.app.namespace
          </label>
          <div
            className="pf-c-skeleton"
            id="emanspace"
          >
            <span
              className="pf-u-screen-reader"
            />
          </div>
        </div>
      </div>
    </div>
  </div>
  <div
    className="creation-view-controls-container-blurr bottom"
  />
</div>
`;
