// Jest Snapshot v1, https://goo.gl/fbAQLP

exports[`TemplateEditor component renders as expected 1`] = `
<div
  className="temptifly"
>
  <div
    className="creation-view-split-container"
  >
    <div
      className="creation-view-controls-container"
    >
      <div
        className="creation-view-controls"
        onScroll={[Function]}
      >
        <div
          id="notifications"
        />
        <div
          className="content"
        >
          <div
            aria-label={undefined}
            className="creation-view-controls-title"
            id="main-"
            onClick={[Function]}
            onKeyPress={[Function]}
            role="button"
            tabIndex="0"
            title={undefined}
          >
            <div
              className="creation-view-controls-note"
            />
            <div
              className="creation-view-controls-title-normal-container"
            />
          </div>
          <div
            className="creation-view-controls-section"
          >
            <div
              className="creation-view-controls-textbox"
              style={
                Object {
                  "display": "",
                }
              }
            >
              <span
                style={
                  Object {
                    "alignItems": "baseline",
                    "display": "flex",
                  }
                }
              >
                <label
                  className="creation-view-controls-textbox-title"
                  htmlFor="name"
                />
              </span>
              <div
                className="bx--form-item"
              >
                <input
                  autoComplete="new-password"
                  className="bx--text-input bx--text__input"
                  disabled={false}
                  id="name"
                  onChange={[Function]}
                  onClick={[Function]}
                  placeholder={undefined}
                  spellCheck={false}
                  type="text"
                  value=""
                />
              </div>
            </div>
            <div
              className="creation-view-controls-textbox"
              style={
                Object {
                  "display": "",
                }
              }
            >
              <span
                style={
                  Object {
                    "alignItems": "baseline",
                    "display": "flex",
                  }
                }
              >
                <label
                  className="creation-view-controls-textbox-title"
                  htmlFor="namespace"
                />
              </span>
              <div
                className="bx--form-item"
              >
                <input
                  autoComplete="new-password"
                  className="bx--text-input bx--text__input"
                  disabled={false}
                  id="namespace"
                  onChange={[Function]}
                  onClick={[Function]}
                  placeholder={undefined}
                  spellCheck={false}
                  type="text"
                  value=""
                />
              </div>
            </div>
          </div>
        </div>
      </div>
      <div
        className="creation-view-controls-container-blurr bottom"
      />
    </div>
  </div>
</div>
`;
